RUN  sla_k_2to4_hif4/creature.mp4
OK   sla_k_2to4_hif4/creature.mp4 bytes=867195
RUN  sla_k_2to4_hif4/garden.mp4
OK   sla_k_2to4_hif4/garden.mp4 bytes=351318
RUN  sla_k_2to4_hif4/mammoths.mp4
OK   sla_k_2to4_hif4/mammoths.mp4 bytes=911955
RUN  sla_k_2to4_hif4/monster.mp4
OK   sla_k_2to4_hif4/monster.mp4 bytes=639009
RUN  sla_k_2to4_hif4/pigeon.mp4
OK   sla_k_2to4_hif4/pigeon.mp4 bytes=569868
RUN  sla_k_2to4_hif4/televisions.mp4
OK   sla_k_2to4_hif4/televisions.mp4 bytes=948206
RUN  sla_k_2to4_hif4/waves.mp4
OK   sla_k_2to4_hif4/waves.mp4 bytes=992581
RUN  sla_k_2to4_hif4/woman.mp4
OK   sla_k_2to4_hif4/woman.mp4 bytes=800839
RUN  sla_k_4to8_pairwise_hif4/creature.mp4
OK   sla_k_4to8_pairwise_hif4/creature.mp4 bytes=762806
RUN  sla_k_4to8_pairwise_hif4/garden.mp4
OK   sla_k_4to8_pairwise_hif4/garden.mp4 bytes=332245
RUN  sla_k_4to8_pairwise_hif4/mammoths.mp4
OK   sla_k_4to8_pairwise_hif4/mammoths.mp4 bytes=774041
RUN  sla_k_4to8_pairwise_hif4/monster.mp4
OK   sla_k_4to8_pairwise_hif4/monster.mp4 bytes=613044
RUN  sla_k_4to8_pairwise_hif4/pigeon.mp4
OK   sla_k_4to8_pairwise_hif4/pigeon.mp4 bytes=625403
RUN  sla_k_4to8_pairwise_hif4/televisions.mp4
OK   sla_k_4to8_pairwise_hif4/televisions.mp4 bytes=662696
RUN  sla_k_4to8_pairwise_hif4/waves.mp4
OK   sla_k_4to8_pairwise_hif4/waves.mp4 bytes=885446
RUN  sla_k_4to8_pairwise_hif4/woman.mp4
OK   sla_k_4to8_pairwise_hif4/woman.mp4 bytes=832682
RUN  sla_k_2to4_share2_hif4/creature.mp4
OK   sla_k_2to4_share2_hif4/creature.mp4 bytes=886872
RUN  sla_k_2to4_share2_hif4/garden.mp4
OK   sla_k_2to4_share2_hif4/garden.mp4 bytes=357984
RUN  sla_k_2to4_share2_hif4/mammoths.mp4
OK   sla_k_2to4_share2_hif4/mammoths.mp4 bytes=916440
RUN  sla_k_2to4_share2_hif4/monster.mp4
OK   sla_k_2to4_share2_hif4/monster.mp4 bytes=632418
RUN  sla_k_2to4_share2_hif4/pigeon.mp4
OK   sla_k_2to4_share2_hif4/pigeon.mp4 bytes=626651
RUN  sla_k_2to4_share2_hif4/televisions.mp4
OK   sla_k_2to4_share2_hif4/televisions.mp4 bytes=951314
RUN  sla_k_2to4_share2_hif4/waves.mp4
OK   sla_k_2to4_share2_hif4/waves.mp4 bytes=1012883
RUN  sla_k_2to4_share2_hif4/woman.mp4
OK   sla_k_2to4_share2_hif4/woman.mp4 bytes=840328
RUN  sla_linear_k_q_hif4/creature.mp4
OK   sla_linear_k_q_hif4/creature.mp4 bytes=751228
RUN  sla_linear_k_q_hif4/garden.mp4
OK   sla_linear_k_q_hif4/garden.mp4 bytes=1112621
RUN  sla_linear_k_q_hif4/mammoths.mp4
OK   sla_linear_k_q_hif4/mammoths.mp4 bytes=1028289
RUN  sla_linear_k_q_hif4/monster.mp4
OK   sla_linear_k_q_hif4/monster.mp4 bytes=560988
RUN  sla_linear_k_q_hif4/pigeon.mp4
OK   sla_linear_k_q_hif4/pigeon.mp4 bytes=618703
RUN  sla_linear_k_q_hif4/televisions.mp4
OK   sla_linear_k_q_hif4/televisions.mp4 bytes=650057
RUN  sla_linear_k_q_hif4/waves.mp4
OK   sla_linear_k_q_hif4/waves.mp4 bytes=1133741
RUN  sla_linear_k_q_hif4/woman.mp4
OK   sla_linear_k_q_hif4/woman.mp4 bytes=1028029
RUN  sla_linear_k_kv_hif4/creature.mp4
OK   sla_linear_k_kv_hif4/creature.mp4 bytes=718802
RUN  sla_linear_k_kv_hif4/garden.mp4
OK   sla_linear_k_kv_hif4/garden.mp4 bytes=818918
RUN  sla_linear_k_kv_hif4/mammoths.mp4
OK   sla_linear_k_kv_hif4/mammoths.mp4 bytes=1015941
RUN  sla_linear_k_kv_hif4/monster.mp4
OK   sla_linear_k_kv_hif4/monster.mp4 bytes=553246
RUN  sla_linear_k_kv_hif4/pigeon.mp4
OK   sla_linear_k_kv_hif4/pigeon.mp4 bytes=465003
RUN  sla_linear_k_kv_hif4/televisions.mp4
OK   sla_linear_k_kv_hif4/televisions.mp4 bytes=612983
RUN  sla_linear_k_kv_hif4/waves.mp4
OK   sla_linear_k_kv_hif4/waves.mp4 bytes=1223479
RUN  sla_linear_k_kv_hif4/woman.mp4
OK   sla_linear_k_kv_hif4/woman.mp4 bytes=1082415
RUN  sla_linear_v_q_hif4/creature.mp4
OK   sla_linear_v_q_hif4/creature.mp4 bytes=745353
RUN  sla_linear_v_q_hif4/garden.mp4
OK   sla_linear_v_q_hif4/garden.mp4 bytes=1204404
RUN  sla_linear_v_q_hif4/mammoths.mp4
OK   sla_linear_v_q_hif4/mammoths.mp4 bytes=1067834
RUN  sla_linear_v_q_hif4/monster.mp4
OK   sla_linear_v_q_hif4/monster.mp4 bytes=558560
RUN  sla_linear_v_q_hif4/pigeon.mp4
OK   sla_linear_v_q_hif4/pigeon.mp4 bytes=609469
RUN  sla_linear_v_q_hif4/televisions.mp4
OK   sla_linear_v_q_hif4/televisions.mp4 bytes=646820
RUN  sla_linear_v_q_hif4/waves.mp4
OK   sla_linear_v_q_hif4/waves.mp4 bytes=1145114
RUN  sla_linear_v_q_hif4/woman.mp4
OK   sla_linear_v_q_hif4/woman.mp4 bytes=1047320
RUN  sla_linear_v_kv_hif4/creature.mp4
OK   sla_linear_v_kv_hif4/creature.mp4 bytes=690647
RUN  sla_linear_v_kv_hif4/garden.mp4
OK   sla_linear_v_kv_hif4/garden.mp4 bytes=497971
RUN  sla_linear_v_kv_hif4/mammoths.mp4
OK   sla_linear_v_kv_hif4/mammoths.mp4 bytes=716841
RUN  sla_linear_v_kv_hif4/monster.mp4
OK   sla_linear_v_kv_hif4/monster.mp4 bytes=550670
RUN  sla_linear_v_kv_hif4/pigeon.mp4
OK   sla_linear_v_kv_hif4/pigeon.mp4 bytes=393053
RUN  sla_linear_v_kv_hif4/televisions.mp4
OK   sla_linear_v_kv_hif4/televisions.mp4 bytes=546400
RUN  sla_linear_v_kv_hif4/waves.mp4
OK   sla_linear_v_kv_hif4/waves.mp4 bytes=912897
RUN  sla_linear_v_kv_hif4/woman.mp4
OK   sla_linear_v_kv_hif4/woman.mp4 bytes=752235
RUN  sla_rubin_k_p_k_2to4_hif4/creature.mp4
FAIL sla_rubin_k_p_k_2to4_hif4/creature.mp4 rc=1
RUN  sla_rubin_k_p_k_2to4_hif4/garden.mp4
FAIL sla_rubin_k_p_k_2to4_hif4/garden.mp4 rc=1
RUN  sla_rubin_k_p_k_2to4_hif4/mammoths.mp4
FAIL sla_rubin_k_p_k_2to4_hif4/mammoths.mp4 rc=1
RUN  sla_rubin_k_p_k_2to4_hif4/monster.mp4
FAIL sla_rubin_k_p_k_2to4_hif4/monster.mp4 rc=1
RUN  sla_rubin_k_p_k_2to4_hif4/pigeon.mp4
FAIL sla_rubin_k_p_k_2to4_hif4/pigeon.mp4 rc=1
RUN  sla_rubin_k_p_k_2to4_hif4/televisions.mp4
Traceback (most recent call last):
  File "/home/user/桌面/workspace/TurboDiffusion/scripts/run_wan22_branch_aware_dist_ablation.py", line 100, in <module>
    main()
  File "/home/user/桌面/workspace/TurboDiffusion/scripts/run_wan22_branch_aware_dist_ablation.py", line 86, in main
    result = subprocess.run(command, cwd=root, env=env, stdout=log, stderr=subprocess.STDOUT)
             ^^^^^^^^^^^^^^^^^^^^^^^^^^^^^^^^^^^^^^^^^^^^^^^^^^^^^^^^^^^^^^^^^^^^^^^^^^^^^^^^
  File "/home/user/.local/envs/turbodiffusion/lib/python3.12/subprocess.py", line 550, in run
    stdout, stderr = process.communicate(input, timeout=timeout)
                     ^^^^^^^^^^^^^^^^^^^^^^^^^^^^^^^^^^^^^^^^^^^
  File "/home/user/.local/envs/turbodiffusion/lib/python3.12/subprocess.py", line 1201, in communicate
    self.wait()
  File "/home/user/.local/envs/turbodiffusion/lib/python3.12/subprocess.py", line 1264, in wait
    return self._wait(timeout=timeout)
           ^^^^^^^^^^^^^^^^^^^^^^^^^^^
  File "/home/user/.local/envs/turbodiffusion/lib/python3.12/subprocess.py", line 2053, in _wait
    (pid, sts) = self._try_wait(0)
                 ^^^^^^^^^^^^^^^^^
  File "/home/user/.local/envs/turbodiffusion/lib/python3.12/subprocess.py", line 2011, in _try_wait
    (pid, sts) = os.waitpid(self.pid, wait_flags)
                 ^^^^^^^^^^^^^^^^^^^^^^^^^^^^^^^^
KeyboardInterrupt
