SKIP sla_rubin_k_p_k_2to4_hif4/creature.mp4
RUN  sla_rubin_k_p_k_2to4_hif4/garden.mp4
Traceback (most recent call last):
  File "/home/user/桌面/workspace/TurboDiffusion/scripts/run_wan22_branch_aware_dist_ablation.py", line 100, in <module>
    main()
  File "/home/user/桌面/workspace/TurboDiffusion/scripts/run_wan22_branch_aware_dist_ablation.py", line 86, in main
    result = subprocess.run(command, cwd=root, env=env, stdout=log, stderr=subprocess.STDOUT)
             ^^^^^^^^^^^^^^^^^^^^^^^^^^^^^^^^^^^^^^^^^^^^^^^^^^^^^^^^^^^^^^^^^^^^^^^^^^^^^^^^
  File "/home/user/.local/envs/turbodiffusion/lib/python3.12/subprocess.py", line 550, in run
    stdout, stderr = process.communicate(input, timeout=timeout)
                     ^^^^^^^^^^^^^^^^^^^^^^^^^^^^^^^^^^^^^^^^^^^
  File "/home/user/.local/envs/turbodiffusion/lib/python3.12/subprocess.py", line 1201, in communicate
    self.wait()
  File "/home/user/.local/envs/turbodiffusion/lib/python3.12/subprocess.py", line 1264, in wait
    return self._wait(timeout=timeout)
           ^^^^^^^^^^^^^^^^^^^^^^^^^^^
  File "/home/user/.local/envs/turbodiffusion/lib/python3.12/subprocess.py", line 2053, in _wait
    (pid, sts) = self._try_wait(0)
                 ^^^^^^^^^^^^^^^^^
  File "/home/user/.local/envs/turbodiffusion/lib/python3.12/subprocess.py", line 2011, in _try_wait
    (pid, sts) = os.waitpid(self.pid, wait_flags)
                 ^^^^^^^^^^^^^^^^^^^^^^^^^^^^^^^^
KeyboardInterrupt
