
*****************************************
Setting OMP_NUM_THREADS environment variable for each process to be 1 in default, to avoid your system being overloaded, please further tune the variable for optimal performance in your application as needed. 
*****************************************
/home/user/.local/envs/turbodiffusion/lib/python3.12/site-packages/megatron/core/optimizer/clip_grads.py:32: UserWarning: Transformer Engine and Apex are not installed. Falling back to local implementations of multi_tensor_applier, multi_tensor_l2norm, and multi_tensor_scale
  warnings.warn(
/home/user/.local/envs/turbodiffusion/lib/python3.12/site-packages/megatron/core/optimizer/clip_grads.py:32: UserWarning: Transformer Engine and Apex are not installed. Falling back to local implementations of multi_tensor_applier, multi_tensor_l2norm, and multi_tensor_scale
  warnings.warn(
[09-01 14:58:04|INFO|turbodiffusion/rcm/utils/umt5.py:495:__init__] loading checkpoints/Wan2.2-I2V-A14B/models_t5_umt5-xxl-enc-bf16.pth
[09-01 14:58:04|INFO|turbodiffusion/rcm/utils/umt5.py:495:__init__] loading checkpoints/Wan2.2-I2V-A14B/models_t5_umt5-xxl-enc-bf16.pth
[09-01 14:58:18|INFO|turbodiffusion/rcm/tokenizers/wan2pt1.py:592:_video_vae] loading checkpoints/Wan2.2-I2V-A14B/Wan2.1_VAE.pth
[09-01 14:58:18|INFO|turbodiffusion/imaginaire/utils/distributed.py:399:sync_model_states] Synchronizing model states from rank 0 to all ranks in process group [0, 1].
[09-01 14:58:18|INFO|turbodiffusion/inference/wan2.2_i2v_dist_infer.py:190:main] [RANK0] Rank 0: loading and sharding high-noise model
[09-01 14:58:18|INFO|turbodiffusion/inference/wan2.2_i2v_dist_infer.py:190:main] [RANK1] Rank 1: loading and sharding high-noise model
[09-01 14:58:19|INFO|turbodiffusion/rcm/networks/wan2pt2.py:746:enable_selective_checkpoint] Enable selective checkpoint with mm_only, for every 1 blocks. Total blocks: 40
[09-01 14:58:44|INFO|turbodiffusion/inference/wan2.2_i2v_dist_infer.py:193:main] [RANK1] Rank 1: loading and sharding low-noise model
[09-01 14:58:44|INFO|turbodiffusion/inference/wan2.2_i2v_dist_infer.py:193:main] [RANK0] Rank 0: loading and sharding low-noise model
[09-01 14:58:44|INFO|turbodiffusion/rcm/networks/wan2pt2.py:746:enable_selective_checkpoint] Enable selective checkpoint with mm_only, for every 1 blocks. Total blocks: 40
W0901 14:59:13.924000 115955 site-packages/torch/distributed/elastic/agent/server/api.py:723] Received 2 death signal, shutting down workers
W0901 14:59:13.925000 115955 site-packages/torch/distributed/elastic/multiprocessing/api.py:900] Sending process 115986 closing signal SIGINT
W0901 14:59:13.925000 115955 site-packages/torch/distributed/elastic/multiprocessing/api.py:900] Sending process 115987 closing signal SIGINT
[rank1]: Traceback (most recent call last):
[rank1]:   File "/home/user/桌面/workspace/TurboDiffusion/turbodiffusion/inference/wan2.2_i2v_dist_infer.py", line 320, in <module>
[rank1]:     main()
[rank1]:   File "/home/user/桌面/workspace/TurboDiffusion/turbodiffusion/inference/wan2.2_i2v_dist_infer.py", line 212, in main
[rank1]:     encoded_latents = tokenizer.encode(frames_to_encode)
[rank1]:                       ^^^^^^^^^^^^^^^^^^^^^^^^^^^^^^^^^^
[rank1]:   File "/home/user/桌面/workspace/TurboDiffusion/turbodiffusion/rcm/tokenizers/wan2pt1.py", line 703, in encode
[rank1]:     return self.model.encode(state)
[rank1]:            ^^^^^^^^^^^^^^^^^^^^^^^^
[rank1]:   File "/home/user/.local/envs/turbodiffusion/lib/python3.12/site-packages/torch/utils/_contextlib.py", line 120, in decorate_context
[rank1]:     return func(*args, **kwargs)
[rank1]:            ^^^^^^^^^^^^^^^^^^^^^
[rank1]:   File "/home/user/桌面/workspace/TurboDiffusion/turbodiffusion/rcm/tokenizers/wan2pt1.py", line 669, in encode
[rank1]:     latent = self.model.encode(videos, self.scale)
[rank1]:              ^^^^^^^^^^^^^^^^^^^^^^^^^^^^^^^^^^^^^
[rank1]:   File "/home/user/桌面/workspace/TurboDiffusion/turbodiffusion/rcm/tokenizers/wan2pt1.py", line 490, in encode
[rank1]:     out_ = self.encoder(
[rank1]:            ^^^^^^^^^^^^^
[rank1]:   File "/home/user/.local/envs/turbodiffusion/lib/python3.12/site-packages/torch/nn/modules/module.py", line 1773, in _wrapped_call_impl
[rank1]:     return self._call_impl(*args, **kwargs)
[rank1]:            ^^^^^^^^^^^^^^^^^^^^^^^^^^^^^^^^
[rank1]:   File "/home/user/.local/envs/turbodiffusion/lib/python3.12/site-packages/torch/nn/modules/module.py", line 1784, in _call_impl
[rank1]:     return forward_call(*args, **kwargs)
[rank1]:            ^^^^^^^^^^^^^^^^^^^^^^^^^^^^^
[rank1]:   File "/home/user/桌面/workspace/TurboDiffusion/turbodiffusion/rcm/tokenizers/wan2pt1.py", line 316, in forward
[rank1]:     x = layer(x, feat_cache, feat_idx)
[rank1]:         ^^^^^^^^^^^^^^^^^^^^^^^^^^^^^^
[rank1]:   File "/home/user/.local/envs/turbodiffusion/lib/python3.12/site-packages/torch/nn/modules/module.py", line 1773, in _wrapped_call_impl
[rank1]:     return self._call_impl(*args, **kwargs)
[rank1]:            ^^^^^^^^^^^^^^^^^^^^^^^^^^^^^^^^
[rank1]:   File "/home/user/.local/envs/turbodiffusion/lib/python3.12/site-packages/torch/nn/modules/module.py", line 1784, in _call_impl
[rank1]:     return forward_call(*args, **kwargs)
[rank1]:            ^^^^^^^^^^^^^^^^^^^^^^^^^^^^^
[rank1]:   File "/home/user/桌面/workspace/TurboDiffusion/turbodiffusion/rcm/tokenizers/wan2pt1.py", line 204, in forward
[rank1]:     x = layer(x, feat_cache[idx])
[rank1]:         ^^^^^^^^^^^^^^^^^^^^^^^^^
[rank1]:   File "/home/user/.local/envs/turbodiffusion/lib/python3.12/site-packages/torch/nn/modules/module.py", line 1773, in _wrapped_call_impl
[rank1]:     return self._call_impl(*args, **kwargs)
[rank1]:            ^^^^^^^^^^^^^^^^^^^^^^^^^^^^^^^^
[rank1]:   File "/home/user/.local/envs/turbodiffusion/lib/python3.12/site-packages/torch/nn/modules/module.py", line 1784, in _call_impl
[rank1]:     return forward_call(*args, **kwargs)
[rank1]:            ^^^^^^^^^^^^^^^^^^^^^^^^^^^^^
[rank1]:   File "/home/user/桌面/workspace/TurboDiffusion/turbodiffusion/rcm/tokenizers/wan2pt1.py", line 55, in forward
[rank1]:     return super().forward(x)
[rank1]:            ^^^^^^^^^^^^^^^^^^
[rank1]:   File "/home/user/.local/envs/turbodiffusion/lib/python3.12/site-packages/torch/nn/modules/conv.py", line 717, in forward
[rank1]:     return self._conv_forward(input, self.weight, self.bias)
[rank1]:            ^^^^^^^^^^^^^^^^^^^^^^^^^^^^^^^^^^^^^^^^^^^^^^^^^
[rank1]:   File "/home/user/.local/envs/turbodiffusion/lib/python3.12/site-packages/torch/nn/modules/conv.py", line 712, in _conv_forward
[rank1]:     return F.conv3d(
[rank1]:            ^^^^^^^^^
[rank1]: KeyboardInterrupt
[rank0]: Traceback (most recent call last):
[rank0]:   File "/home/user/桌面/workspace/TurboDiffusion/turbodiffusion/inference/wan2.2_i2v_dist_infer.py", line 320, in <module>
[rank0]:     main()
[rank0]:   File "/home/user/桌面/workspace/TurboDiffusion/turbodiffusion/inference/wan2.2_i2v_dist_infer.py", line 195, in main
[rank0]:     low_model = shard_model(low_model, world_size).cpu().eval()
[rank0]:                 ^^^^^^^^^^^^^^^^^^^^^^^^^^^^^^^^^^^^^^^^
[rank0]:   File "/home/user/.local/envs/turbodiffusion/lib/python3.12/site-packages/torch/nn/modules/module.py", line 1150, in cpu
[rank0]:     return self._apply(lambda t: t.cpu())
[rank0]:            ^^^^^^^^^^^^^^^^^^^^^^^^^^^^^^
[rank0]:   File "/home/user/.local/envs/turbodiffusion/lib/python3.12/site-packages/torch/distributed/fsdp/_fully_shard/_fully_shard.py", line 595, in _apply
[rank0]:     ret = super()._apply(*args, **kwargs)  # type: ignore[misc]
[rank0]:           ^^^^^^^^^^^^^^^^^^^^^^^^^^^^^^^
[rank0]:   File "/home/user/.local/envs/turbodiffusion/lib/python3.12/site-packages/torch/nn/modules/module.py", line 928, in _apply
[rank0]:     module._apply(fn)
[rank0]:   File "/home/user/.local/envs/turbodiffusion/lib/python3.12/site-packages/torch/nn/modules/module.py", line 928, in _apply
[rank0]:     module._apply(fn)
[rank0]:   File "/home/user/.local/envs/turbodiffusion/lib/python3.12/site-packages/torch/distributed/fsdp/_fully_shard/_fully_shard.py", line 595, in _apply
[rank0]:     ret = super()._apply(*args, **kwargs)  # type: ignore[misc]
[rank0]:           ^^^^^^^^^^^^^^^^^^^^^^^^^^^^^^^
[rank0]:   File "/home/user/.local/envs/turbodiffusion/lib/python3.12/site-packages/torch/nn/modules/module.py", line 928, in _apply
[rank0]:     module._apply(fn)
[rank0]:   File "/home/user/.local/envs/turbodiffusion/lib/python3.12/site-packages/torch/nn/modules/module.py", line 928, in _apply
[rank0]:     module._apply(fn)
[rank0]:   File "/home/user/.local/envs/turbodiffusion/lib/python3.12/site-packages/torch/nn/modules/module.py", line 928, in _apply
[rank0]:     module._apply(fn)
[rank0]:   File "/home/user/.local/envs/turbodiffusion/lib/python3.12/site-packages/torch/nn/modules/module.py", line 955, in _apply
[rank0]:     param_applied = fn(param)
[rank0]:                     ^^^^^^^^^
[rank0]:   File "/home/user/.local/envs/turbodiffusion/lib/python3.12/site-packages/torch/nn/modules/module.py", line 1150, in <lambda>
[rank0]:     return self._apply(lambda t: t.cpu())
[rank0]:                                  ^^^^^^^
[rank0]:   File "/home/user/.local/envs/turbodiffusion/lib/python3.12/site-packages/torch/_compile.py", line 53, in inner
[rank0]:     return disable_fn(*args, **kwargs)
[rank0]:            ^^^^^^^^^^^^^^^^^^^^^^^^^^^
[rank0]:   File "/home/user/.local/envs/turbodiffusion/lib/python3.12/site-packages/torch/_dynamo/eval_frame.py", line 929, in _fn
[rank0]:     return fn(*args, **kwargs)
[rank0]:            ^^^^^^^^^^^^^^^^^^^
[rank0]:   File "/home/user/.local/envs/turbodiffusion/lib/python3.12/site-packages/torch/distributed/tensor/_api.py", line 350, in __torch_dispatch__
[rank0]:     return DTensor._op_dispatcher.dispatch(
[rank0]:            ^^^^^^^^^^^^^^^^^^^^^^^^^^^^^^^^
[rank0]:   File "/home/user/.local/envs/turbodiffusion/lib/python3.12/site-packages/torch/distributed/tensor/_dispatch.py", line 201, in dispatch
[rank0]:     local_results = op_call(*local_tensor_args, **op_info.local_kwargs)
[rank0]:                     ^^^^^^^^^^^^^^^^^^^^^^^^^^^^^^^^^^^^^^^^^^^^^^^^^^^
[rank0]:   File "/home/user/.local/envs/turbodiffusion/lib/python3.12/site-packages/torch/_ops.py", line 829, in __call__
[rank0]:     return self._op(*args, **kwargs)
[rank0]:            ^^^^^^^^^^^^^^^^^^^^^^^^^
[rank0]: KeyboardInterrupt
[rank0]:[W901 14:59:14.943519628 TCPStore.cpp:125] [c10d] recvValue failed on SocketImpl(fd=53, addr=[localhost]:58668, remote=[FC500T]:44751): Failed to recv, got 0 bytes. Connection was likely closed. Did the remote server shutdown or crash?
Exception raised from recvBytes at /pytorch/torch/csrc/distributed/c10d/Utils.hpp:682 (most recent call first):
frame #0: c10::Error::Error(c10::SourceLocation, std::__cxx11::basic_string<char, std::char_traits<char>, std::allocator<char> >) + 0x80 (0x726ea3ad9eb0 in /home/user/.local/envs/turbodiffusion/lib/python3.12/site-packages/torch/lib/libc10.so)
frame #1: <unknown function> + 0x5d694d1 (0x726e877694d1 in /home/user/.local/envs/turbodiffusion/lib/python3.12/site-packages/torch/lib/libtorch_cpu.so)
frame #2: <unknown function> + 0x5d6a8cd (0x726e8776a8cd in /home/user/.local/envs/turbodiffusion/lib/python3.12/site-packages/torch/lib/libtorch_cpu.so)
frame #3: <unknown function> + 0x5d6b47a (0x726e8776b47a in /home/user/.local/envs/turbodiffusion/lib/python3.12/site-packages/torch/lib/libtorch_cpu.so)
frame #4: c10d::TCPStore::check(std::vector<std::__cxx11::basic_string<char, std::char_traits<char>, std::allocator<char> >, std::allocator<std::__cxx11::basic_string<char, std::char_traits<char>, std::allocator<char> > > > const&) + 0x31e (0x726e8776619e in /home/user/.local/envs/turbodiffusion/lib/python3.12/site-packages/torch/lib/libtorch_cpu.so)
frame #5: c10d::ProcessGroupNCCL::HeartbeatMonitor::runLoop() + 0x398 (0x726e46c3db18 in /home/user/.local/envs/turbodiffusion/lib/python3.12/site-packages/torch/lib/libtorch_cuda.so)
frame #6: <unknown function> + 0xef5e4 (0x726ea8cef5e4 in /home/user/.local/envs/turbodiffusion/bin/../lib/libstdc++.so.6)
frame #7: <unknown function> + 0x9cb84 (0x726eabe9cb84 in /lib/x86_64-linux-gnu/libc.so.6)
frame #8: <unknown function> + 0x129d6c (0x726eabf29d6c in /lib/x86_64-linux-gnu/libc.so.6)

[rank0]:[W901 14:59:14.946461632 ProcessGroupNCCL.cpp:1783] [PG ID 0 PG GUID 0(default_pg) Rank 0] Failed to check the "should dump" flag on TCPStore, (maybe TCPStore server has shut down too early), with error: Failed to recv, got 0 bytes. Connection was likely closed. Did the remote server shutdown or crash?
[rank1]:[W901 14:59:14.958278299 TCPStore.cpp:125] [c10d] recvValue failed on SocketImpl(fd=53, addr=[localhost]:58684, remote=[FC500T]:44751): Failed to recv, got 0 bytes. Connection was likely closed. Did the remote server shutdown or crash?
Exception raised from recvBytes at /pytorch/torch/csrc/distributed/c10d/Utils.hpp:682 (most recent call first):
frame #0: c10::Error::Error(c10::SourceLocation, std::__cxx11::basic_string<char, std::char_traits<char>, std::allocator<char> >) + 0x80 (0x74ec8f4d9eb0 in /home/user/.local/envs/turbodiffusion/lib/python3.12/site-packages/torch/lib/libc10.so)
frame #1: <unknown function> + 0x5d694d1 (0x74ec731694d1 in /home/user/.local/envs/turbodiffusion/lib/python3.12/site-packages/torch/lib/libtorch_cpu.so)
frame #2: <unknown function> + 0x5d6a8cd (0x74ec7316a8cd in /home/user/.local/envs/turbodiffusion/lib/python3.12/site-packages/torch/lib/libtorch_cpu.so)
frame #3: <unknown function> + 0x5d6b47a (0x74ec7316b47a in /home/user/.local/envs/turbodiffusion/lib/python3.12/site-packages/torch/lib/libtorch_cpu.so)
frame #4: c10d::TCPStore::check(std::vector<std::__cxx11::basic_string<char, std::char_traits<char>, std::allocator<char> >, std::allocator<std::__cxx11::basic_string<char, std::char_traits<char>, std::allocator<char> > > > const&) + 0x31e (0x74ec7316619e in /home/user/.local/envs/turbodiffusion/lib/python3.12/site-packages/torch/lib/libtorch_cpu.so)
frame #5: c10d::ProcessGroupNCCL::HeartbeatMonitor::runLoop() + 0x398 (0x74ec3263db18 in /home/user/.local/envs/turbodiffusion/lib/python3.12/site-packages/torch/lib/libtorch_cuda.so)
frame #6: <unknown function> + 0xef5e4 (0x74ec946ef5e4 in /home/user/.local/envs/turbodiffusion/bin/../lib/libstdc++.so.6)
frame #7: <unknown function> + 0x9cb84 (0x74ec9789cb84 in /lib/x86_64-linux-gnu/libc.so.6)
frame #8: <unknown function> + 0x129d6c (0x74ec97929d6c in /lib/x86_64-linux-gnu/libc.so.6)

[rank1]:[W901 14:59:14.960651337 ProcessGroupNCCL.cpp:1783] [PG ID 0 PG GUID 0(default_pg) Rank 1] Failed to check the "should dump" flag on TCPStore, (maybe TCPStore server has shut down too early), with error: Failed to recv, got 0 bytes. Connection was likely closed. Did the remote server shutdown or crash?
[rank0]:[W901 14:59:15.904890425 ProcessGroupNCCL.cpp:1538] Warning: WARNING: destroy_process_group() was not called before program exit, which can leak resources. For more info, please see https://pytorch.org/docs/stable/distributed.html#shutdown (function operator())
[rank0]:[W901 14:59:15.946611444 TCPStore.cpp:106] [c10d] sendBytes failed on SocketImpl(fd=53, addr=[localhost]:58668, remote=[FC500T]:44751): Broken pipe
Exception raised from sendBytes at /pytorch/torch/csrc/distributed/c10d/Utils.hpp:653 (most recent call first):
frame #0: c10::Error::Error(c10::SourceLocation, std::__cxx11::basic_string<char, std::char_traits<char>, std::allocator<char> >) + 0x80 (0x726ea3ad9eb0 in /home/user/.local/envs/turbodiffusion/lib/python3.12/site-packages/torch/lib/libc10.so)
frame #1: <unknown function> + 0x5d694d1 (0x726e877694d1 in /home/user/.local/envs/turbodiffusion/lib/python3.12/site-packages/torch/lib/libtorch_cpu.so)
frame #2: <unknown function> + 0x5d69d62 (0x726e87769d62 in /home/user/.local/envs/turbodiffusion/lib/python3.12/site-packages/torch/lib/libtorch_cpu.so)
frame #3: <unknown function> + 0x5d6b86e (0x726e8776b86e in /home/user/.local/envs/turbodiffusion/lib/python3.12/site-packages/torch/lib/libtorch_cpu.so)
frame #4: c10d::TCPStore::check(std::vector<std::__cxx11::basic_string<char, std::char_traits<char>, std::allocator<char> >, std::allocator<std::__cxx11::basic_string<char, std::char_traits<char>, std::allocator<char> > > > const&) + 0x30e (0x726e8776618e in /home/user/.local/envs/turbodiffusion/lib/python3.12/site-packages/torch/lib/libtorch_cpu.so)
frame #5: c10d::ProcessGroupNCCL::HeartbeatMonitor::runLoop() + 0x398 (0x726e46c3db18 in /home/user/.local/envs/turbodiffusion/lib/python3.12/site-packages/torch/lib/libtorch_cuda.so)
frame #6: <unknown function> + 0xef5e4 (0x726ea8cef5e4 in /home/user/.local/envs/turbodiffusion/bin/../lib/libstdc++.so.6)
frame #7: <unknown function> + 0x9cb84 (0x726eabe9cb84 in /lib/x86_64-linux-gnu/libc.so.6)
frame #8: <unknown function> + 0x129d6c (0x726eabf29d6c in /lib/x86_64-linux-gnu/libc.so.6)

[rank0]:[W901 14:59:15.949012364 ProcessGroupNCCL.cpp:1783] [PG ID 0 PG GUID 0(default_pg) Rank 0] Failed to check the "should dump" flag on TCPStore, (maybe TCPStore server has shut down too early), with error: Broken pipe
[rank1]:[W901 14:59:15.960788767 TCPStore.cpp:106] [c10d] sendBytes failed on SocketImpl(fd=53, addr=[localhost]:58684, remote=[FC500T]:44751): Broken pipe
Exception raised from sendBytes at /pytorch/torch/csrc/distributed/c10d/Utils.hpp:653 (most recent call first):
frame #0: c10::Error::Error(c10::SourceLocation, std::__cxx11::basic_string<char, std::char_traits<char>, std::allocator<char> >) + 0x80 (0x74ec8f4d9eb0 in /home/user/.local/envs/turbodiffusion/lib/python3.12/site-packages/torch/lib/libc10.so)
frame #1: <unknown function> + 0x5d694d1 (0x74ec731694d1 in /home/user/.local/envs/turbodiffusion/lib/python3.12/site-packages/torch/lib/libtorch_cpu.so)
frame #2: <unknown function> + 0x5d69d62 (0x74ec73169d62 in /home/user/.local/envs/turbodiffusion/lib/python3.12/site-packages/torch/lib/libtorch_cpu.so)
frame #3: <unknown function> + 0x5d6b86e (0x74ec7316b86e in /home/user/.local/envs/turbodiffusion/lib/python3.12/site-packages/torch/lib/libtorch_cpu.so)
frame #4: c10d::TCPStore::check(std::vector<std::__cxx11::basic_string<char, std::char_traits<char>, std::allocator<char> >, std::allocator<std::__cxx11::basic_string<char, std::char_traits<char>, std::allocator<char> > > > const&) + 0x30e (0x74ec7316618e in /home/user/.local/envs/turbodiffusion/lib/python3.12/site-packages/torch/lib/libtorch_cpu.so)
frame #5: c10d::ProcessGroupNCCL::HeartbeatMonitor::runLoop() + 0x398 (0x74ec3263db18 in /home/user/.local/envs/turbodiffusion/lib/python3.12/site-packages/torch/lib/libtorch_cuda.so)
frame #6: <unknown function> + 0xef5e4 (0x74ec946ef5e4 in /home/user/.local/envs/turbodiffusion/bin/../lib/libstdc++.so.6)
frame #7: <unknown function> + 0x9cb84 (0x74ec9789cb84 in /lib/x86_64-linux-gnu/libc.so.6)
frame #8: <unknown function> + 0x129d6c (0x74ec97929d6c in /lib/x86_64-linux-gnu/libc.so.6)

[rank1]:[W901 14:59:15.963275453 ProcessGroupNCCL.cpp:1783] [PG ID 0 PG GUID 0(default_pg) Rank 1] Failed to check the "should dump" flag on TCPStore, (maybe TCPStore server has shut down too early), with error: Broken pipe
