OK original/subject_consistency gpu=0
OK original/background_consistency gpu=1
OK original/aesthetic_quality gpu=0
OK original/imaging_quality gpu=1
OK original/overall_consistency gpu=0
OK original/motion_smoothness gpu=1
OK sla/subject_consistency gpu=0
OK sla/background_consistency gpu=1
OK sla/aesthetic_quality gpu=0
OK sla/imaging_quality gpu=1
OK sla/overall_consistency gpu=0
OK sla/motion_smoothness gpu=1
OK sla_q_2to4_hif4/subject_consistency gpu=0
OK sla_q_2to4_hif4/background_consistency gpu=1
OK sla_q_2to4_hif4/aesthetic_quality gpu=0
OK sla_q_2to4_hif4/imaging_quality gpu=1
OK sla_q_2to4_hif4/overall_consistency gpu=0
OK sla_q_2to4_hif4/motion_smoothness gpu=1
OK sla_q_4to8_pairwise_hif4/subject_consistency gpu=0
OK sla_q_4to8_pairwise_hif4/background_consistency gpu=1
OK sla_q_4to8_pairwise_hif4/aesthetic_quality gpu=0
OK sla_q_4to8_pairwise_hif4/imaging_quality gpu=1
OK sla_q_4to8_pairwise_hif4/overall_consistency gpu=0
OK sla_q_4to8_pairwise_hif4/motion_smoothness gpu=1
OK sla_q_2to4_share2_hif4/subject_consistency gpu=0
OK sla_q_2to4_share2_hif4/background_consistency gpu=1
OK sla_q_2to4_share2_hif4/aesthetic_quality gpu=0
OK sla_q_2to4_share2_hif4/imaging_quality gpu=1
OK sla_q_2to4_share2_hif4/overall_consistency gpu=0
OK sla_q_2to4_share2_hif4/motion_smoothness gpu=1
OK sla_k_2to4_hif4/subject_consistency gpu=0
OK sla_k_2to4_hif4/background_consistency gpu=1
OK sla_k_2to4_hif4/aesthetic_quality gpu=0
OK sla_k_2to4_hif4/imaging_quality gpu=1
OK sla_k_2to4_hif4/overall_consistency gpu=0
OK sla_k_2to4_hif4/motion_smoothness gpu=1
OK sla_k_4to8_pairwise_hif4/subject_consistency gpu=0
OK sla_k_4to8_pairwise_hif4/background_consistency gpu=1
OK sla_k_4to8_pairwise_hif4/aesthetic_quality gpu=0
OK sla_k_4to8_pairwise_hif4/imaging_quality gpu=1
OK sla_k_4to8_pairwise_hif4/overall_consistency gpu=0
OK sla_k_4to8_pairwise_hif4/motion_smoothness gpu=1
OK sla_k_2to4_share2_hif4/subject_consistency gpu=0
OK sla_k_2to4_share2_hif4/background_consistency gpu=1
OK sla_k_2to4_share2_hif4/aesthetic_quality gpu=0
OK sla_k_2to4_share2_hif4/imaging_quality gpu=1
OK sla_k_2to4_share2_hif4/overall_consistency gpu=0
OK sla_k_2to4_share2_hif4/motion_smoothness gpu=1
OK sla_linear_k_q_hif4/subject_consistency gpu=0
OK sla_linear_k_q_hif4/background_consistency gpu=1
OK sla_linear_k_q_hif4/aesthetic_quality gpu=0
OK sla_linear_k_q_hif4/imaging_quality gpu=1
OK sla_linear_k_q_hif4/overall_consistency gpu=0
OK sla_linear_k_q_hif4/motion_smoothness gpu=1
OK sla_linear_k_kv_hif4/subject_consistency gpu=0
OK sla_linear_k_kv_hif4/background_consistency gpu=1
OK sla_linear_k_kv_hif4/aesthetic_quality gpu=0
OK sla_linear_k_kv_hif4/imaging_quality gpu=1
OK sla_linear_k_kv_hif4/overall_consistency gpu=0
OK sla_linear_k_kv_hif4/motion_smoothness gpu=1
OK sla_linear_v_q_hif4/subject_consistency gpu=0
OK sla_linear_v_q_hif4/background_consistency gpu=1
OK sla_linear_v_q_hif4/aesthetic_quality gpu=0
OK sla_linear_v_q_hif4/imaging_quality gpu=1
OK sla_linear_v_q_hif4/overall_consistency gpu=0
OK sla_linear_v_q_hif4/motion_smoothness gpu=1
OK sla_linear_v_kv_hif4/subject_consistency gpu=0
OK sla_linear_v_kv_hif4/background_consistency gpu=1
OK sla_linear_v_kv_hif4/aesthetic_quality gpu=0
OK sla_linear_v_kv_hif4/imaging_quality gpu=1
OK sla_linear_v_kv_hif4/overall_consistency gpu=0
OK sla_linear_v_kv_hif4/motion_smoothness gpu=1
OK sla_rubin_k_p_k_2to4_hif4/subject_consistency gpu=0
OK sla_rubin_k_p_k_2to4_hif4/background_consistency gpu=1
OK sla_rubin_k_p_k_2to4_hif4/aesthetic_quality gpu=0
OK sla_rubin_k_p_k_2to4_hif4/imaging_quality gpu=1
OK sla_rubin_k_p_k_2to4_hif4/overall_consistency gpu=0
OK sla_rubin_k_p_k_2to4_hif4/motion_smoothness gpu=1
