
*****************************************
Setting OMP_NUM_THREADS environment variable for each process to be 1 in default, to avoid your system being overloaded, please further tune the variable for optimal performance in your application as needed. 
*****************************************
/home/user/.local/envs/turbodiffusion/lib/python3.12/site-packages/megatron/core/optimizer/clip_grads.py:32: UserWarning: Transformer Engine and Apex are not installed. Falling back to local implementations of multi_tensor_applier, multi_tensor_l2norm, and multi_tensor_scale
  warnings.warn(
/home/user/.local/envs/turbodiffusion/lib/python3.12/site-packages/megatron/core/optimizer/clip_grads.py:32: UserWarning: Transformer Engine and Apex are not installed. Falling back to local implementations of multi_tensor_applier, multi_tensor_l2norm, and multi_tensor_scale
  warnings.warn(
[08-24 15:30:36|INFO|turbodiffusion/rcm/utils/umt5.py:495:__init__] loading checkpoints/models_t5_umt5-xxl-enc-bf16.pth
[08-24 15:30:36|INFO|turbodiffusion/rcm/utils/umt5.py:495:__init__] loading checkpoints/models_t5_umt5-xxl-enc-bf16.pth
[08-24 15:30:50|INFO|turbodiffusion/rcm/tokenizers/wan2pt1.py:592:_video_vae] loading checkpoints/Wan2.1_VAE.pth
[08-24 15:30:50|INFO|turbodiffusion/imaginaire/utils/distributed.py:399:sync_model_states] Synchronizing model states from rank 0 to all ranks in process group [0, 1].
[08-24 15:30:50|INFO|turbodiffusion/inference/wan2.2_i2v_dist_infer.py:190:main] [RANK0] Rank 0: loading and sharding high-noise model
[08-24 15:30:50|INFO|turbodiffusion/inference/wan2.2_i2v_dist_infer.py:190:main] [RANK1] Rank 1: loading and sharding high-noise model
[08-24 15:30:51|INFO|turbodiffusion/rcm/networks/wan2pt2.py:746:enable_selective_checkpoint] Enable selective checkpoint with mm_only, for every 1 blocks. Total blocks: 40
[08-24 15:31:15|INFO|turbodiffusion/inference/wan2.2_i2v_dist_infer.py:193:main] [RANK1] Rank 1: loading and sharding low-noise model
[08-24 15:31:15|INFO|turbodiffusion/inference/wan2.2_i2v_dist_infer.py:193:main] [RANK0] Rank 0: loading and sharding low-noise model
[08-24 15:31:15|INFO|turbodiffusion/rcm/networks/wan2pt2.py:746:enable_selective_checkpoint] Enable selective checkpoint with mm_only, for every 1 blocks. Total blocks: 40
[08-24 15:31:45|INFO|turbodiffusion/inference/wan2.2_i2v_dist_infer.py:204:main] Batch item 1/1: garden.mp4
garden:   0%|          | 0/4 [00:00<?, ?it/s]garden:  25%|██▌       | 1/4 [00:22<01:06, 22.02s/it]garden:  50%|█████     | 2/4 [00:43<00:43, 21.84s/it]garden:  75%|███████▌  | 3/4 [01:13<00:25, 25.31s/it]garden: 100%|██████████| 4/4 [01:35<00:00, 23.94s/it]garden: 100%|██████████| 4/4 [01:35<00:00, 23.75s/it]
/home/user/.local/envs/turbodiffusion/lib/python3.12/site-packages/torch/distributed/distributed_c10d.py:4807: UserWarning: No device id is provided via `init_process_group` or `barrier `. Using the current device set by the user. 
  warnings.warn(  # warn only once
/home/user/.local/envs/turbodiffusion/lib/python3.12/site-packages/torch/distributed/distributed_c10d.py:4807: UserWarning: No device id is provided via `init_process_group` or `barrier `. Using the current device set by the user. 
  warnings.warn(  # warn only once
[08-24 15:33:40|SUCCESS|turbodiffusion/inference/wan2.2_i2v_dist_infer.py:269:main] Saved distributed result to output/wan22_q_patterns/sla_q_2to4_weight_norm_rpq_fallback6/garden.mp4
[08-24 15:33:40|SUCCESS|turbodiffusion/inference/wan2.2_i2v_dist_infer.py:313:main] Saved distributed sparsity profile to output/wan22_q_patterns/audit/sla_q_2to4_weight_norm_rpq_fallback6/garden.json
