W0804 20:44:34.892000 336877 site-packages/torch/distributed/run.py:774] 
W0804 20:44:34.892000 336877 site-packages/torch/distributed/run.py:774] *****************************************
W0804 20:44:34.892000 336877 site-packages/torch/distributed/run.py:774] Setting OMP_NUM_THREADS environment variable for each process to be 1 in default, to avoid your system being overloaded, please further tune the variable for optimal performance in your application as needed. 
W0804 20:44:34.892000 336877 site-packages/torch/distributed/run.py:774] *****************************************
/home/user/.local/envs/turbodiffusion/lib/python3.12/site-packages/megatron/core/optimizer/clip_grads.py:32: UserWarning: Transformer Engine and Apex are not installed. Falling back to local implementations of multi_tensor_applier, multi_tensor_l2norm, and multi_tensor_scale
  warnings.warn(
/home/user/.local/envs/turbodiffusion/lib/python3.12/site-packages/megatron/core/optimizer/clip_grads.py:32: UserWarning: Transformer Engine and Apex are not installed. Falling back to local implementations of multi_tensor_applier, multi_tensor_l2norm, and multi_tensor_scale
  warnings.warn(
[08-04 20:44:38|INFO|turbodiffusion/rcm/utils/umt5.py:495:__init__] loading checkpoints/models_t5_umt5-xxl-enc-bf16.pth
[08-04 20:44:38|INFO|turbodiffusion/rcm/utils/umt5.py:495:__init__] loading checkpoints/models_t5_umt5-xxl-enc-bf16.pth
[08-04 20:44:52|INFO|turbodiffusion/rcm/tokenizers/wan2pt1.py:592:_video_vae] loading checkpoints/Wan2.1_VAE.pth
[08-04 20:44:52|INFO|turbodiffusion/imaginaire/utils/distributed.py:399:sync_model_states] Synchronizing model states from rank 0 to all ranks in process group [0, 1].
[08-04 20:44:52|INFO|turbodiffusion/inference/wan2.2_i2v_dist_infer.py:190:main] [RANK0] Rank 0: loading and sharding high-noise model
[08-04 20:44:52|INFO|turbodiffusion/inference/wan2.2_i2v_dist_infer.py:190:main] [RANK1] Rank 1: loading and sharding high-noise model
[08-04 20:44:52|INFO|turbodiffusion/rcm/networks/wan2pt2.py:746:enable_selective_checkpoint] Enable selective checkpoint with mm_only, for every 1 blocks. Total blocks: 40
[08-04 20:45:16|INFO|turbodiffusion/inference/wan2.2_i2v_dist_infer.py:193:main] [RANK1] Rank 1: loading and sharding low-noise model
[08-04 20:45:16|INFO|turbodiffusion/inference/wan2.2_i2v_dist_infer.py:193:main] [RANK0] Rank 0: loading and sharding low-noise model
[08-04 20:45:17|INFO|turbodiffusion/rcm/networks/wan2pt2.py:746:enable_selective_checkpoint] Enable selective checkpoint with mm_only, for every 1 blocks. Total blocks: 40
[08-04 20:45:46|INFO|turbodiffusion/inference/wan2.2_i2v_dist_infer.py:204:main] Batch item 1/1: televisions.mp4
televisions:   0%|          | 0/4 [00:00<?, ?it/s]televisions:  25%|██▌       | 1/4 [00:23<01:11, 23.81s/it]televisions:  50%|█████     | 2/4 [00:47<00:47, 23.64s/it]televisions:  75%|███████▌  | 3/4 [01:18<00:27, 27.06s/it]televisions: 100%|██████████| 4/4 [01:42<00:00, 25.72s/it]televisions: 100%|██████████| 4/4 [01:42<00:00, 25.53s/it]
/home/user/.local/envs/turbodiffusion/lib/python3.12/site-packages/torch/distributed/distributed_c10d.py:4807: UserWarning: No device id is provided via `init_process_group` or `barrier `. Using the current device set by the user. 
  warnings.warn(  # warn only once
/home/user/.local/envs/turbodiffusion/lib/python3.12/site-packages/torch/distributed/distributed_c10d.py:4807: UserWarning: No device id is provided via `init_process_group` or `barrier `. Using the current device set by the user. 
  warnings.warn(  # warn only once
[08-04 20:47:49|SUCCESS|turbodiffusion/inference/wan2.2_i2v_dist_infer.py:269:main] Saved distributed result to output/hif4_w4a4_full_14b_720p81/sla_linear_k_kv_hif4/televisions.mp4
[08-04 20:47:49|SUCCESS|turbodiffusion/inference/wan2.2_i2v_dist_infer.py:306:main] Saved distributed sparsity profile to output/hif4_w4a4_full_14b_720p81/audit/sla_linear_k_kv_hif4/televisions.json
