
*****************************************
Setting OMP_NUM_THREADS environment variable for each process to be 1 in default, to avoid your system being overloaded, please further tune the variable for optimal performance in your application as needed. 
*****************************************
/home/user/.local/envs/turbodiffusion/lib/python3.12/site-packages/megatron/core/optimizer/clip_grads.py:32: UserWarning: Transformer Engine and Apex are not installed. Falling back to local implementations of multi_tensor_applier, multi_tensor_l2norm, and multi_tensor_scale
  warnings.warn(
/home/user/.local/envs/turbodiffusion/lib/python3.12/site-packages/megatron/core/optimizer/clip_grads.py:32: UserWarning: Transformer Engine and Apex are not installed. Falling back to local implementations of multi_tensor_applier, multi_tensor_l2norm, and multi_tensor_scale
  warnings.warn(
[09-01 14:45:02|INFO|turbodiffusion/rcm/utils/umt5.py:495:__init__] loading checkpoints/Wan2.2-I2V-A14B/models_t5_umt5-xxl-enc-bf16.pth
[09-01 14:45:02|INFO|turbodiffusion/rcm/utils/umt5.py:495:__init__] loading checkpoints/Wan2.2-I2V-A14B/models_t5_umt5-xxl-enc-bf16.pth
[09-01 14:45:18|INFO|turbodiffusion/rcm/tokenizers/wan2pt1.py:592:_video_vae] loading checkpoints/Wan2.2-I2V-A14B/Wan2.1_VAE.pth
[09-01 14:45:18|INFO|turbodiffusion/imaginaire/utils/distributed.py:399:sync_model_states] Synchronizing model states from rank 0 to all ranks in process group [0, 1].
[09-01 14:45:18|INFO|turbodiffusion/inference/wan2.2_i2v_dist_infer.py:190:main] [RANK1] Rank 1: loading and sharding high-noise model
[09-01 14:45:18|INFO|turbodiffusion/inference/wan2.2_i2v_dist_infer.py:190:main] [RANK0] Rank 0: loading and sharding high-noise model
[09-01 14:45:18|INFO|turbodiffusion/rcm/networks/wan2pt2.py:746:enable_selective_checkpoint] Enable selective checkpoint with mm_only, for every 1 blocks. Total blocks: 40
[09-01 14:45:47|INFO|turbodiffusion/inference/wan2.2_i2v_dist_infer.py:193:main] [RANK0] Rank 0: loading and sharding low-noise model
[09-01 14:45:47|INFO|turbodiffusion/rcm/networks/wan2pt2.py:746:enable_selective_checkpoint] Enable selective checkpoint with mm_only, for every 1 blocks. Total blocks: 40
[09-01 14:45:48|INFO|turbodiffusion/inference/wan2.2_i2v_dist_infer.py:193:main] [RANK1] Rank 1: loading and sharding low-noise model
[09-01 14:46:17|INFO|turbodiffusion/inference/wan2.2_i2v_dist_infer.py:204:main] Batch item 1/1: creature.mp4
creature:   0%|          | 0/4 [00:00<?, ?it/s]creature:  25%|██▌       | 1/4 [00:44<02:12, 44.27s/it]creature:  50%|█████     | 2/4 [01:13<01:11, 35.53s/it]creature:  75%|███████▌  | 3/4 [01:59<00:40, 40.24s/it]creature: 100%|██████████| 4/4 [02:37<00:00, 39.47s/it]creature: 100%|██████████| 4/4 [02:37<00:00, 39.45s/it]
/home/user/.local/envs/turbodiffusion/lib/python3.12/site-packages/torch/distributed/distributed_c10d.py:4807: UserWarning: No device id is provided via `init_process_group` or `barrier `. Using the current device set by the user. 
  warnings.warn(  # warn only once
/home/user/.local/envs/turbodiffusion/lib/python3.12/site-packages/torch/distributed/distributed_c10d.py:4807: UserWarning: No device id is provided via `init_process_group` or `barrier `. Using the current device set by the user. 
  warnings.warn(  # warn only once
[09-01 14:49:25|SUCCESS|turbodiffusion/inference/wan2.2_i2v_dist_infer.py:269:main] Saved distributed result to output/wan22_pv_hif4_patterns/sla_pv_4to8_pairwise_hif4/creature.mp4
[09-01 14:49:25|SUCCESS|turbodiffusion/inference/wan2.2_i2v_dist_infer.py:313:main] Saved distributed sparsity profile to output/wan22_pv_hif4_patterns/audit/sla_pv_4to8_pairwise_hif4/creature.json
