W0824 12:18:48.639000 48639 site-packages/torch/distributed/run.py:774] 
W0824 12:18:48.639000 48639 site-packages/torch/distributed/run.py:774] *****************************************
W0824 12:18:48.639000 48639 site-packages/torch/distributed/run.py:774] Setting OMP_NUM_THREADS environment variable for each process to be 1 in default, to avoid your system being overloaded, please further tune the variable for optimal performance in your application as needed. 
W0824 12:18:48.639000 48639 site-packages/torch/distributed/run.py:774] *****************************************
/home/user/.local/envs/turbodiffusion/lib/python3.12/site-packages/megatron/core/optimizer/clip_grads.py:32: UserWarning: Transformer Engine and Apex are not installed. Falling back to local implementations of multi_tensor_applier, multi_tensor_l2norm, and multi_tensor_scale
  warnings.warn(
/home/user/.local/envs/turbodiffusion/lib/python3.12/site-packages/megatron/core/optimizer/clip_grads.py:32: UserWarning: Transformer Engine and Apex are not installed. Falling back to local implementations of multi_tensor_applier, multi_tensor_l2norm, and multi_tensor_scale
  warnings.warn(
[08-24 12:18:52|INFO|turbodiffusion/rcm/utils/umt5.py:495:__init__] loading checkpoints/models_t5_umt5-xxl-enc-bf16.pth
[08-24 12:18:52|INFO|turbodiffusion/rcm/utils/umt5.py:495:__init__] loading checkpoints/models_t5_umt5-xxl-enc-bf16.pth
[08-24 12:19:06|INFO|turbodiffusion/rcm/tokenizers/wan2pt1.py:592:_video_vae] loading checkpoints/Wan2.1_VAE.pth
[08-24 12:19:06|INFO|turbodiffusion/imaginaire/utils/distributed.py:399:sync_model_states] Synchronizing model states from rank 0 to all ranks in process group [0, 1].
[08-24 12:19:06|INFO|turbodiffusion/inference/wan2.2_i2v_dist_infer.py:190:main] [RANK0] Rank 0: loading and sharding high-noise model
[08-24 12:19:06|INFO|turbodiffusion/inference/wan2.2_i2v_dist_infer.py:190:main] [RANK1] Rank 1: loading and sharding high-noise model
[08-24 12:19:06|INFO|turbodiffusion/rcm/networks/wan2pt2.py:746:enable_selective_checkpoint] Enable selective checkpoint with mm_only, for every 1 blocks. Total blocks: 40
[08-24 12:19:31|INFO|turbodiffusion/inference/wan2.2_i2v_dist_infer.py:193:main] [RANK1] Rank 1: loading and sharding low-noise model
[08-24 12:19:31|INFO|turbodiffusion/inference/wan2.2_i2v_dist_infer.py:193:main] [RANK0] Rank 0: loading and sharding low-noise model
[08-24 12:19:31|INFO|turbodiffusion/rcm/networks/wan2pt2.py:746:enable_selective_checkpoint] Enable selective checkpoint with mm_only, for every 1 blocks. Total blocks: 40
[08-24 12:20:01|INFO|turbodiffusion/inference/wan2.2_i2v_dist_infer.py:204:main] Batch item 1/1: monster.mp4
monster:   0%|          | 0/4 [00:00<?, ?it/s]monster:  25%|██▌       | 1/4 [00:18<00:55, 18.35s/it]monster:  50%|█████     | 2/4 [00:34<00:34, 17.34s/it]monster:  75%|███████▌  | 3/4 [01:00<00:21, 21.12s/it]monster: 100%|██████████| 4/4 [01:17<00:00, 19.39s/it]monster: 100%|██████████| 4/4 [01:17<00:00, 19.34s/it]
/home/user/.local/envs/turbodiffusion/lib/python3.12/site-packages/torch/distributed/distributed_c10d.py:4807: UserWarning: No device id is provided via `init_process_group` or `barrier `. Using the current device set by the user. 
  warnings.warn(  # warn only once
/home/user/.local/envs/turbodiffusion/lib/python3.12/site-packages/torch/distributed/distributed_c10d.py:4807: UserWarning: No device id is provided via `init_process_group` or `barrier `. Using the current device set by the user. 
  warnings.warn(  # warn only once
[08-24 12:21:38|SUCCESS|turbodiffusion/inference/wan2.2_i2v_dist_infer.py:269:main] Saved distributed result to output/vbench_weight_norm_k4to8_rpq_fallback6_14b_720p81/sla_k_4to8_pairwise_weight_norm_rpq_fallback6/monster.mp4
[08-24 12:21:39|SUCCESS|turbodiffusion/inference/wan2.2_i2v_dist_infer.py:313:main] Saved distributed sparsity profile to output/vbench_weight_norm_k4to8_rpq_fallback6_14b_720p81/audit/sla_k_4to8_pairwise_weight_norm_rpq_fallback6/monster.json
