W0729 15:20:57.631000 294873 site-packages/torch/distributed/run.py:774] 
W0729 15:20:57.631000 294873 site-packages/torch/distributed/run.py:774] *****************************************
W0729 15:20:57.631000 294873 site-packages/torch/distributed/run.py:774] Setting OMP_NUM_THREADS environment variable for each process to be 1 in default, to avoid your system being overloaded, please further tune the variable for optimal performance in your application as needed. 
W0729 15:20:57.631000 294873 site-packages/torch/distributed/run.py:774] *****************************************
/home/user/.local/envs/turbodiffusion/lib/python3.12/site-packages/megatron/core/optimizer/clip_grads.py:32: UserWarning: Transformer Engine and Apex are not installed. Falling back to local implementations of multi_tensor_applier, multi_tensor_l2norm, and multi_tensor_scale
  warnings.warn(
/home/user/.local/envs/turbodiffusion/lib/python3.12/site-packages/megatron/core/optimizer/clip_grads.py:32: UserWarning: Transformer Engine and Apex are not installed. Falling back to local implementations of multi_tensor_applier, multi_tensor_l2norm, and multi_tensor_scale
  warnings.warn(
[07-29 15:21:01|INFO|turbodiffusion/rcm/utils/umt5.py:495:__init__] loading checkpoints/models_t5_umt5-xxl-enc-bf16.pth
[07-29 15:21:01|INFO|turbodiffusion/rcm/utils/umt5.py:495:__init__] loading checkpoints/models_t5_umt5-xxl-enc-bf16.pth
[07-29 15:21:15|INFO|turbodiffusion/rcm/tokenizers/wan2pt1.py:592:_video_vae] loading checkpoints/Wan2.1_VAE.pth
[07-29 15:21:15|INFO|turbodiffusion/imaginaire/utils/distributed.py:399:sync_model_states] Synchronizing model states from rank 0 to all ranks in process group [0, 1].
[07-29 15:21:15|INFO|turbodiffusion/inference/wan2.2_i2v_dist_infer.py:169:main] [RANK1] Rank 1: loading and sharding high-noise model
[07-29 15:21:15|INFO|turbodiffusion/inference/wan2.2_i2v_dist_infer.py:169:main] [RANK0] Rank 0: loading and sharding high-noise model
[07-29 15:21:15|INFO|turbodiffusion/rcm/networks/wan2pt2.py:746:enable_selective_checkpoint] Enable selective checkpoint with mm_only, for every 1 blocks. Total blocks: 40
[07-29 15:21:39|INFO|turbodiffusion/inference/wan2.2_i2v_dist_infer.py:172:main] [RANK0] Rank 0: loading and sharding low-noise model
[07-29 15:21:39|INFO|turbodiffusion/inference/wan2.2_i2v_dist_infer.py:172:main] [RANK1] Rank 1: loading and sharding low-noise model
[07-29 15:21:39|INFO|turbodiffusion/rcm/networks/wan2pt2.py:746:enable_selective_checkpoint] Enable selective checkpoint with mm_only, for every 1 blocks. Total blocks: 40
[07-29 15:22:09|INFO|turbodiffusion/inference/wan2.2_i2v_dist_infer.py:183:main] Batch item 1/1: garden.mp4
garden:   0%|          | 0/4 [00:00<?, ?it/s]garden:  25%|██▌       | 1/4 [02:32<07:36, 152.02s/it]garden:  50%|█████     | 2/4 [05:03<05:03, 151.98s/it]garden:  75%|███████▌  | 3/4 [07:44<02:35, 155.83s/it]garden: 100%|██████████| 4/4 [10:17<00:00, 154.91s/it]garden: 100%|██████████| 4/4 [10:17<00:00, 154.47s/it]
/home/user/.local/envs/turbodiffusion/lib/python3.12/site-packages/torch/distributed/distributed_c10d.py:4807: UserWarning: No device id is provided via `init_process_group` or `barrier `. Using the current device set by the user. 
  warnings.warn(  # warn only once
/home/user/.local/envs/turbodiffusion/lib/python3.12/site-packages/torch/distributed/distributed_c10d.py:4807: UserWarning: No device id is provided via `init_process_group` or `barrier `. Using the current device set by the user. 
  warnings.warn(  # warn only once
[07-29 15:32:47|SUCCESS|turbodiffusion/inference/wan2.2_i2v_dist_infer.py:248:main] Saved distributed result to output/vbench_attention_ablation_14b_720p81_rubin_triple/sla_rubin_k_p_k_2to4/garden.mp4
