2026-08-24 17:27:23,882 - vbench.utils - INFO - [32m[Local Mode][0m Working in local mode, please make sure that the pre-trained model has been fully downloaded.
/home/user/.local/envs/turbodiffusion/lib/python3.12/site-packages/torch/distributed/distributed_c10d.py:4807: UserWarning: No device id is provided via `init_process_group` or `barrier `. Using the current device set by the user. 
  warnings.warn(  # warn only once
[rank0]:[W824 17:27:23.170708330 ProcessGroupNCCL.cpp:5023] [PG ID 0 PG GUID 0 Rank 0]  using GPU 0 as device used by this process is currently unknown. This can potentially cause a hang if this rank to GPU mapping is incorrect. You can specify device_id in init_process_group() to force use of a particular device.
/home/user/桌面/workspace/spmm/VBench/.venv/lib/python3.12/site-packages/timm/models/layers/__init__.py:48: FutureWarning: Importing from timm.models.layers is deprecated, please import via timm.layers
  warnings.warn(f"Importing from {__name__} is deprecated, please import via timm.layers", FutureWarning)
/home/user/桌面/workspace/spmm/VBench/.venv/lib/python3.12/site-packages/timm/models/registry.py:4: FutureWarning: Importing from timm.models.registry is deprecated, please import via timm.models
  warnings.warn(f"Importing from {__name__} is deprecated, please import via timm.models", FutureWarning)
2026-08-24 17:27:25,845 - vbench.third_party.ViCLIP.viclip - INFO - Load pretrained weights from /home/user/桌面/workspace/spmm/VBench/checkpoints/ViCLIP/ViClip-InternVid-10M-FLT.pth
args: Namespace(output_path='/home/user/桌面/workspace/TurboDiffusion/output/wan22_q_patterns/vbench_scores_expert/sla_q_4to8_pairwise_weight_norm_rpq_fallback6/overall_consistency', full_json_dir='/home/user/桌面/workspace/spmm/VBench/vbench/VBench_full_info.json', videos_path='/home/user/桌面/workspace/TurboDiffusion/output/wan22_q_patterns/sla_q_4to8_pairwise_weight_norm_rpq_fallback6', dimension=['overall_consistency'], load_ckpt_from_local=True, read_frame=None, mode='custom_input', prompt='None', prompt_file='/home/user/桌面/workspace/TurboDiffusion/vbench_prompt.json', category=None, imaging_quality_preprocessing_mode='longer')
start evaluation
Evaluation meta data saved to /home/user/桌面/workspace/TurboDiffusion/output/wan22_q_patterns/vbench_scores_expert/sla_q_4to8_pairwise_weight_norm_rpq_fallback6/overall_consistency/results_2026-08-24-17:27:23_full_info.json
cur_full_info_path: /home/user/桌面/workspace/TurboDiffusion/output/wan22_q_patterns/vbench_scores_expert/sla_q_4to8_pairwise_weight_norm_rpq_fallback6/overall_consistency/results_2026-08-24-17:27:23_full_info.json
  0%|          | 0/8 [00:00<?, ?it/s]/home/user/.local/envs/turbodiffusion/lib/python3.12/site-packages/torch/_dynamo/eval_frame.py:929: UserWarning: torch.utils.checkpoint: the use_reentrant parameter should be passed explicitly. In version 2.5 we will raise an exception if use_reentrant is not passed. use_reentrant=False is recommended, but if you need to preserve the current default behavior, you can pass use_reentrant=True. Refer to docs for more details on the differences between the two variants.
  return fn(*args, **kwargs)
/home/user/.local/envs/turbodiffusion/lib/python3.12/site-packages/torch/utils/checkpoint.py:85: UserWarning: None of the inputs have requires_grad=True. Gradients will be None
  warnings.warn(
 12%|█▎        | 1/8 [00:00<00:03,  2.08it/s] 25%|██▌       | 2/8 [00:00<00:02,  2.71it/s] 38%|███▊      | 3/8 [00:00<00:01,  3.60it/s] 50%|█████     | 4/8 [00:01<00:00,  4.20it/s] 62%|██████▎   | 5/8 [00:01<00:00,  4.61it/s] 75%|███████▌  | 6/8 [00:01<00:00,  5.21it/s] 88%|████████▊ | 7/8 [00:01<00:00,  5.20it/s]100%|██████████| 8/8 [00:01<00:00,  5.07it/s]100%|██████████| 8/8 [00:01<00:00,  4.34it/s]
Evaluation results saved to /home/user/桌面/workspace/TurboDiffusion/output/wan22_q_patterns/vbench_scores_expert/sla_q_4to8_pairwise_weight_norm_rpq_fallback6/overall_consistency/results_2026-08-24-17:27:23_eval_results.json
done
[rank0]:[W824 17:27:30.434003814 ProcessGroupNCCL.cpp:1538] Warning: WARNING: destroy_process_group() was not called before program exit, which can leak resources. For more info, please see https://pytorch.org/docs/stable/distributed.html#shutdown (function operator())
